// Jest Snapshot v1, https://goo.gl/fbAQLP

exports[`CaseStudyView should render the component 1`] = `
<div
  className="db-item-view case-study-view"
>
  <div>
    Title Block Component
  </div>
  <div
    className="ui container"
  >
    <div
      className="ui twelve column grid"
    >
      <div
        className="row"
      >
        <div
          className="twelve wide computer twelve wide mobile twelve wide tablet column"
        >
          <div
            className="case-studies-review-image-wrapper"
          >
            <img
              alt="CaseStudyView"
              className="ui image"
            />
            <p />
          </div>
          <div
            dangerouslySetInnerHTML={
              Object {
                "__html": undefined,
              }
            }
          />
        </div>
        <div
          className="three wide computer twelve wide mobile twelve wide tablet column"
        >
          <div
            className="casetstudy-gallery"
          />
        </div>
      </div>
    </div>
    <div
      className="adaptation-details"
    />
    <div
      className="ui divider"
    />
    <div
      className="published-modified-info"
    >
      <p>
        <span>
          <strong>
            Published in Climate-ADAPT
          </strong>
           
          Invalid Date
        </span>
        <span>
             -   
        </span>
        <span>
          <strong>
            Last Modified in Climate-ADAPT
          </strong>
           
          Invalid Date
        </span>
      </p>
    </div>
    <div
      className="ui divider"
    />
    <p>
      Please contact us for any other enquiry on this Case Study or to share a new Case Study (email
       
      <span
        className="link-mailto"
      >
        <a
          href="mailto: climate.adapt@eea.europa.eu"
          rel="noreferrer"
          target="_blank"
        >
          climate.adapt@eea.europa.eu
        </a>
      </span>
      )
    </p>
    <div
      className="share-info"
    >
      <a
        href="/help/share-your-info"
      >
        <button
          className="ui button primary icon labeled"
        >
          Share your information
          <i
            aria-hidden="true"
            className="arrow right icon"
          />
        </button>
      </a>
    </div>
    <div
      className="content-box"
    >
      <div
        className="content-box-inner"
      >
        <div
          className="ui segment"
        >
          <div
            className="content-metadata"
          >
            <h5>
              Geographic characterisation:
            </h5>
            <div
              className="geochar"
            >
              <p>
                Global
              </p>
            </div>
          </div>
        </div>
      </div>
    </div>
  </div>
</div>
`;
