// Jest Snapshot v1, https://goo.gl/fbAQLP

exports[`ProjectView should render the component 1`] = `
<div
  className="db-item-view project-view"
>
  <div>
    Title Block Component
  </div>
  <div
    className="ui container"
  >
    <div
      className="ui twelve column grid"
    >
      <div
        className="row"
      >
        <div
          className="eight wide computer twelve wide mobile twelve wide tablet column col-left"
        >
          <h2>
            Description
          </h2>
          <div
            dangerouslySetInnerHTML={
              Object {
                "__html": undefined,
              }
            }
          />
          <div
            className="ui divider"
          />
          <h2>
            Project information
          </h2>
          <h5>
            Lead
          </h5>
          <p />
          <h5>
            Partners
          </h5>
          <div
            className="partners"
            dangerouslySetInnerHTML={
              Object {
                "__html": undefined,
              }
            }
          />
          <div
            className="ui divider"
          />
          <div
            className="published-modified-info"
          >
            <p>
              <span>
                <strong>
                  Published in Climate-ADAPT
                </strong>
                 
                Invalid Date
              </span>
              <span>
                   -   
              </span>
              <span>
                <strong>
                  Last Modified in Climate-ADAPT
                </strong>
                 
                Invalid Date
              </span>
            </p>
          </div>
          <div
            className="share-info"
          >
            <a
              href="/en/help/share-your-info"
              onClick={[Function]}
            >
              <button
                className="ui icon primary left labeled button"
                onClick={[Function]}
              >
                Share your information
                <i
                  aria-hidden="true"
                  className="icon ri-share-line"
                  onClick={[Function]}
                />
              </button>
            </a>
          </div>
        </div>
        <div
          className="four wide computer twelve wide mobile twelve wide tablet column col-right"
        >
          <div
            className="ui segment content-metadata"
          >
            <h5>
              Date of creation:
            </h5>
            <p>
              NaN
              <i
                className="ri-question-fill"
                onBlur={[Function]}
                onClick={[Function]}
                onFocus={[Function]}
                onMouseEnter={[Function]}
                onMouseLeave={[Function]}
              />
            </p>
            <h5>
              Geographic characterisation:
            </h5>
            <div
              className="geochar"
            >
              <p>
                Global
              </p>
            </div>
          </div>
        </div>
      </div>
    </div>
  </div>
</div>
`;
