// Jest Snapshot v1, https://goo.gl/fbAQLP

exports[`PublicationReportView should render the component 1`] = `
<div
  className="db-item-view publication-report-view"
>
  <div>
    Title Block Component
  </div>
  <div
    className="ui container"
  >
    <h2>
      Description
    </h2>
    <div
      dangerouslySetInnerHTML={
        Object {
          "__html": undefined,
        }
      }
    />
    <div
      className="ui divider"
    />
    <h2>
      Reference information
    </h2>
    <div
      className="published-modified-info"
    >
      <p>
        <span>
          <strong>
            Published in Climate-ADAPT
          </strong>
           
          Invalid Date
        </span>
        <span>
             -   
        </span>
        <span>
          <strong>
            Last Modified in Climate-ADAPT
          </strong>
           
          Invalid Date
        </span>
      </p>
    </div>
    <div
      className="share-info"
    >
      <a
        href="/help/share-your-info"
      >
        <button
          className="ui button primary icon labeled"
        >
          Share your information
          <i
            aria-hidden="true"
            className="arrow right icon"
          />
        </button>
      </a>
    </div>
    <div
      className="content-box"
    >
      <div
        className="content-box-inner"
      >
        <div
          className="ui segment"
        >
          <div
            className="content-metadata"
          >
            <h5>
              Geographic characterisation:
            </h5>
            <div
              className="geochar"
            >
              <p>
                Global
              </p>
            </div>
          </div>
        </div>
      </div>
    </div>
  </div>
</div>
`;
